
 Lahey/Fujitsu Fortran 95 Compiler Release L6.20b  Mon Sep 19 12:45:00 2005
 Copyright (C) 1994-2003 Lahey Computer Systems.  All rights reserved.
 Copyright (C) 1998-2003 FUJITSU LIMITED. All rights reserved.

 Compilation information
   Current directory : /home/job/src/vasputil_f90
   Source file       : src/f95_lapack.f90
   Compiler options  : --ap -c --chk aesux --chkglobal --nco --dal --ndbl --f95 
                     : -g --nin --info --li --lst --nlong --maxfatals 50 --nml 
                     : --nmldefault --o0 --no --nocl --nopenmp --nparallel 
                     : --nprefetch --pca --nprivate --nquad --quiet --nsav 
                     : --nshared --nsse2 --nstaticlink --nswm --tp 
                     : --nthreadheap --nthreads --trace --trap --nunroll 
                     : --nvarheap --nversion --warn --nwide --nwisk --wo --nzfm 
                     : --xref

 Module "f95_lapack"
  (line-no.)(nest)
          1        !  Copyright (c) 2004 Janne Blomqvist
          2        
          3        ! This module blatantly steals some stuff from lapack95 (Fortran 95
          4        ! interface to lapack). If you have the real thing, you can replace
          5        ! this file with lapack95.
          6        
          7        module f95_lapack
          8          implicit none
          9        
         10          INTERFACE LA_GESV
         11        
         12             SUBROUTINE DGESV_F95( A, B, IPIV, INFO )
         13               USE LA_PRECISION, ONLY: WP => DP
         14               INTEGER, INTENT(OUT), OPTIONAL :: INFO
         15               INTEGER, INTENT(OUT), OPTIONAL :: IPIV(:)
         16               REAL(WP), INTENT(INOUT) :: A(:,:), B(:,:)
         17             END SUBROUTINE DGESV_F95
         18        
         19          END INTERFACE
         20        
         21          INTERFACE LA_GESDD
         22        
         23             SUBROUTINE DGESDD_F95(A, S, U, VT, WW, JOB, INFO )
         24               USE LA_PRECISION, ONLY: WP => DP
         25               CHARACTER(LEN=1), OPTIONAL, INTENT(IN) :: JOB
         26               INTEGER, INTENT(OUT), OPTIONAL :: INFO
         27               REAL(WP), INTENT(INOUT) :: A(:,:)
         28               REAL(WP), INTENT(OUT) :: S(:)
         29               REAL(WP), INTENT(OUT), OPTIONAL, TARGET :: WW(:)
         30               REAL(WP), INTENT(OUT), OPTIONAL, TARGET :: U(:,:), VT(:,:)
         31             END SUBROUTINE DGESDD_F95
         32        
         33          END INTERFACE
         34        
         35        end module f95_lapack

 Procedure information
   Lines      : 35
   Statements : 22

 Scoping unit of module : f95_lapack
   Attribute and Cross reference of name
     f95_lapack
      |(Class and Type) : module name
      |(Attributes)     : 
      |(Declaration)    : 7
      |(Definition)     : 
      |(Reference)      : 35
     LA_GESDD
      |(Class and Type) : generic name
      |(Attributes)     : PUBLIC
      |(Declaration)    : 21
      |(Definition)     : 
      |(Reference)      : 
     LA_GESV
      |(Class and Type) : generic name
      |(Attributes)     : PUBLIC
      |(Declaration)    : 10
      |(Definition)     : 
      |(Reference)      : 

 Scoping unit of interface body : DGESV_F95
   Attribute and Cross reference of name
     A
      |(Class and Type) : variable name, REAL(8)
      |(Attributes)     : DIMENSION, INTENT(INOUT), dummy-argument
      |(Declaration)    : 12  16
      |(Definition)     : 
      |(Reference)      : 
     B
      |(Class and Type) : variable name, REAL(8)
      |(Attributes)     : DIMENSION, INTENT(INOUT), dummy-argument
      |(Declaration)    : 12  16
      |(Definition)     : 
      |(Reference)      : 
     DGESV_F95
      |(Class and Type) : external subroutine name
      |(Attributes)     : 
      |(Declaration)    : 12
      |(Definition)     : 
      |(Reference)      : 17
     DP
      |(Class and Type) : use name
      |(Attributes)     : 
      |(Declaration)    : 
      |(Definition)     : 
      |(Reference)      : 13
     INFO
      |(Class and Type) : variable name, INTEGER(4)
      |(Attributes)     : INTENT(OUT), OPTIONAL, dummy-argument
      |(Declaration)    : 12  14
      |(Definition)     : 
      |(Reference)      : 
     IPIV
      |(Class and Type) : variable name, INTEGER(4)
      |(Attributes)     : DIMENSION, INTENT(OUT), OPTIONAL, dummy-argument
      |(Declaration)    : 12  15
      |(Definition)     : 
      |(Reference)      : 
     LA_PRECISION
      |(Class and Type) : module name
      |(Attributes)     : 
      |(Declaration)    : 
      |(Definition)     : 
      |(Reference)      : 13
     WP
      |(Class and Type) : named constant, INTEGER(4)
      |(Attributes)     : use-associated
      |(Declaration)    : 
      |(Definition)     : 
      |(Reference)      : 13  16

 Scoping unit of interface body : DGESDD_F95
   Attribute and Cross reference of name
     A
      |(Class and Type) : variable name, REAL(8)
      |(Attributes)     : DIMENSION, INTENT(INOUT), dummy-argument
      |(Declaration)    : 23  27
      |(Definition)     : 
      |(Reference)      : 
     DGESDD_F95
      |(Class and Type) : external subroutine name
      |(Attributes)     : 
      |(Declaration)    : 23
      |(Definition)     : 
      |(Reference)      : 31
     DP
      |(Class and Type) : use name
      |(Attributes)     : 
      |(Declaration)    : 
      |(Definition)     : 
      |(Reference)      : 24
     INFO
      |(Class and Type) : variable name, INTEGER(4)
      |(Attributes)     : INTENT(OUT), OPTIONAL, dummy-argument
      |(Declaration)    : 23  26
      |(Definition)     : 
      |(Reference)      : 
     JOB
      |(Class and Type) : variable name, CHARACTER(1,1)
      |(Attributes)     : INTENT(IN), OPTIONAL, dummy-argument
      |(Declaration)    : 23  25
      |(Definition)     : 
      |(Reference)      : 
     LA_PRECISION
      |(Class and Type) : module name
      |(Attributes)     : 
      |(Declaration)    : 
      |(Definition)     : 
      |(Reference)      : 24
     S
      |(Class and Type) : variable name, REAL(8)
      |(Attributes)     : DIMENSION, INTENT(OUT), dummy-argument
      |(Declaration)    : 23  28
      |(Definition)     : 
      |(Reference)      : 
     U
      |(Class and Type) : variable name, REAL(8)
      |(Attributes)     : DIMENSION, INTENT(OUT), OPTIONAL, TARGET, dummy-argument
      |(Declaration)    : 23  30
      |(Definition)     : 
      |(Reference)      : 
     VT
      |(Class and Type) : variable name, REAL(8)
      |(Attributes)     : DIMENSION, INTENT(OUT), OPTIONAL, TARGET, dummy-argument
      |(Declaration)    : 23  30
      |(Definition)     : 
      |(Reference)      : 
     WP
      |(Class and Type) : named constant, INTEGER(4)
      |(Attributes)     : use-associated
      |(Declaration)    : 
      |(Definition)     : 
      |(Reference)      : 24  27  28  29  30
     WW
      |(Class and Type) : variable name, REAL(8)
      |(Attributes)     : DIMENSION, INTENT(OUT), OPTIONAL, TARGET, dummy-argument
      |(Declaration)    : 23  29
      |(Definition)     : 
      |(Reference)      : 

 Total information
   Procedures       : 1
   Total lines      : 35
   Total statements : 22

