
 Lahey/Fujitsu Fortran 95 Compiler Release L6.20b  Mon Sep 19 12:45:00 2005
 Copyright (C) 1994-2003 Lahey Computer Systems.  All rights reserved.
 Copyright (C) 1998-2003 FUJITSU LIMITED. All rights reserved.

 Compilation information
   Current directory : /home/job/src/vasputil_f90
   Source file       : src/la_auxmod.f90
   Compiler options  : --ap -c --chk aesux --chkglobal --nco --dal --ndbl --f95 
                     : -g --nin --info --li --lst --nlong --maxfatals 50 --nml 
                     : --nmldefault --o0 --no --nocl --nopenmp --nparallel 
                     : --nprefetch --pca --nprivate --nquad --quiet --nsav 
                     : --nshared --nsse2 --nstaticlink --nswm --tp 
                     : --nthreadheap --nthreads --trace --trap --nunroll 
                     : --nvarheap --nversion --warn --nwide --nwisk --wo --nzfm 
                     : --xref

 Module "LA_AUXMOD"
  (line-no.)(nest)
          1              MODULE LA_AUXMOD
          2        !
          3        !  -- LAPACK95 interface driver routine (version 3.0) --
          4        !     UNI-C, Denmark; Univ. of Tennessee, USA; NAG Ltd., UK
          5        !     September, 2000
          6        !
          7              INTERFACE
          8                 SUBROUTINE    ERINFO(LINFO, SRNAME, INFO, ISTAT)
          9                    CHARACTER( LEN = * ), INTENT(IN)              :: SRNAME
         10                    INTEGER             , INTENT(IN)              :: LINFO
         11                    INTEGER             , INTENT(OUT), OPTIONAL   :: INFO
         12                    INTEGER             , INTENT(IN), OPTIONAL    :: ISTAT
         13                 END SUBROUTINE ERINFO
         14                 INTEGER FUNCTION LA_WS_GELS( VER, M, N, NRHS, TRANS )
         15                     CHARACTER( LEN=1 ), INTENT(IN) :: TRANS, VER
         16                     INTEGER, INTENT(IN) :: M, N, NRHS
         17                 END FUNCTION LA_WS_GELS
         18                 INTEGER FUNCTION LA_WS_GELSS( VER, M, N, NRHS )
         19                  CHARACTER(LEN=1), INTENT(IN) :: VER
         20                  INTEGER, INTENT(IN) :: M, N, NRHS
         21                 END FUNCTION LA_WS_GELSS
         22              END INTERFACE
         23        !
         24              CONTAINS
         25        !
         26              LOGICAL FUNCTION LSAME( CA, CB )
         27        !
         28        !  PURPOSE
         29        !  =======
         30        !
         31        !  LSAME  TESTS IF CA IS THE SAME LETTER AS CB REGARDLESS OF CASE.
         32        !
         33        !  PARAMETERS
         34        !  ==========
         35        !
         36        !  CA      (INPUT) CHARACTER*1
         37        !  CB      (INPUT) CHARACTER*1
         38        !          CHARACTERS TO BE COMPARED.
         39        !
         40        !  .. SCALAR ARGUMENTS ..
         41              CHARACTER*1, INTENT(IN) :: CA, CB
         42        !  .. PARAMETERS ..
         43              INTEGER, PARAMETER      :: IOFF=32
         44        !  .. LOCAL SCALARS ..
         45              INTEGER                 :: INTA, INTB, ZCODE
         46        !  .. INTRINSIC FUNCTIONS ..
         47              INTRINSIC                  ICHAR
         48        !
         49        !  .. EXECUTABLE STATEMENTS ..
         50        !
         51        !  TEST IF THE CHARACTERS ARE EQUAL
         52        !
         53              LSAME = CA == CB
         54        !
         55        !  NOW TEST FOR EQUIVALENCE
         56        !
         57     1        IF( .NOT.LSAME )THEN
         58     1  !
         59     1  !     USE 'Z' RATHER THAN 'A' SO THAT ASCII CAN BE DETECTED ON PRIME
         60     1  !     MACHINES, ON WHICH ICHAR RETURNS A VALUE WITH BIT 8 SET.
         61     1  !     ICHAR('A') ON PRIME MACHINES RETURNS 193 WHICH IS THE SAME AS
         62     1  !     ICHAR('A') ON AN EBCDIC MACHINE.
         63     1  !
         64     1           ZCODE = ICHAR( 'Z' )
         65     1  !
         66     1           INTA = ICHAR( CA )
         67     1           INTB = ICHAR( CB )
         68     1  !
         69     2           IF( ZCODE.EQ.90 .OR. ZCODE.EQ.122 )THEN
         70     2  !
         71     2  !        ASCII IS ASSUMED - ZCODE IS THE ASCII CODE OF EITHER LOWER OR
         72     2  !        UPPER CASE 'Z'.
         73     2  !
         74     2              IF( INTA.GE.97 .AND. INTA.LE.122 ) INTA = INTA - 32
         75     2              IF( INTB.GE.97 .AND. INTB.LE.122 ) INTB = INTB - 32
         76     2  !
         77     2           ELSE IF( ZCODE.EQ.233 .OR. ZCODE.EQ.169 )THEN
         78     2  !
         79     2  !        EBCDIC IS ASSUMED - ZCODE IS THE EBCDIC CODE OF EITHER LOWER OR
         80     2  !        UPPER CASE 'Z'.
         81     2  !
         82     2           IF( INTA.GE.129 .AND. INTA.LE.137 .OR.                         &
         83     2  !    &       INTA.GE.145 .AND. INTA.LE.153 .OR.                         &
         84     2       &       INTA.GE.162 .AND. INTA.LE.169 ) INTA = INTA + 64
         85     2           IF( INTB.GE.129 .AND. INTB.LE.137 .OR.                         &
         86     2       &       INTB.GE.145 .AND. INTB.LE.153 .OR.                         &
         87     2       &       INTB.GE.162 .AND. INTB.LE.169 ) INTB = INTB + 64
         88     2  !
         89     2           ELSE IF( ZCODE.EQ.218 .OR. ZCODE.EQ.250 )THEN
         90     2  !
         91     2  !        ASCII IS ASSUMED, ON PRIME MACHINES - ZCODE IS THE ASCII CODE
         92     2  !        PLUS 128 OF EITHER LOWER OR UPPER CASE 'Z'.
         93     2  !
         94     2              IF( INTA.GE.225 .AND. INTA.LE.250 ) INTA = INTA - 32
         95     2           IF( INTB.GE.225 .AND. INTB.LE.250 ) INTB = INTB - 32
         96     2           ENDIF
         97     1           LSAME = INTA == INTB
         98     1        ENDIF
         99              END FUNCTION LSAME
        100        
        101              END MODULE LA_AUXMOD

 Diagnostic messages: program name(LA_AUXMOD)
  Module subprogram name(LSAME)
   3910-W: "src/la_auxmod.f90", line 41, column 16: CHARACTER* form of CHARACTER declaration is an obsolescent feature.
   2004-I: "src/la_auxmod.f90", line 43: 'IOFF' is set but never used.

 Procedure information
   Lines      : 101
   Statements : 42

 Scoping unit of module : LA_AUXMOD
   Attribute and Cross reference of name
     LA_AUXMOD
      |(Class and Type) : module name
      |(Attributes)     : 
      |(Declaration)    : 1
      |(Definition)     : 
      |(Reference)      : 101

 Scoping unit of interface body : ERINFO
   Attribute and Cross reference of name
     ERINFO
      |(Class and Type) : external subroutine name
      |(Attributes)     : 
      |(Declaration)    : 8
      |(Definition)     : 
      |(Reference)      : 13
     INFO
      |(Class and Type) : variable name, INTEGER(4)
      |(Attributes)     : INTENT(OUT), OPTIONAL, dummy-argument
      |(Declaration)    : 8  11
      |(Definition)     : 
      |(Reference)      : 
     ISTAT
      |(Class and Type) : variable name, INTEGER(4)
      |(Attributes)     : INTENT(IN), OPTIONAL, dummy-argument
      |(Declaration)    : 8  12
      |(Definition)     : 
      |(Reference)      : 
     LINFO
      |(Class and Type) : variable name, INTEGER(4)
      |(Attributes)     : INTENT(IN), dummy-argument
      |(Declaration)    : 8  10
      |(Definition)     : 
      |(Reference)      : 
     SRNAME
      |(Class and Type) : variable name, CHARACTER(*,1)
      |(Attributes)     : INTENT(IN), dummy-argument
      |(Declaration)    : 8  9
      |(Definition)     : 
      |(Reference)      : 

 Scoping unit of interface body : LA_WS_GELS
   Attribute and Cross reference of name
     LA_WS_GELS
      |(Class and Type) : external function name, INTEGER(4)
      |(Attributes)     : 
      |(Declaration)    : 14
      |(Definition)     : 
      |(Reference)      : 17
     M
      |(Class and Type) : variable name, INTEGER(4)
      |(Attributes)     : INTENT(IN), dummy-argument
      |(Declaration)    : 14  16
      |(Definition)     : 
      |(Reference)      : 
     N
      |(Class and Type) : variable name, INTEGER(4)
      |(Attributes)     : INTENT(IN), dummy-argument
      |(Declaration)    : 14  16
      |(Definition)     : 
      |(Reference)      : 
     NRHS
      |(Class and Type) : variable name, INTEGER(4)
      |(Attributes)     : INTENT(IN), dummy-argument
      |(Declaration)    : 14  16
      |(Definition)     : 
      |(Reference)      : 
     TRANS
      |(Class and Type) : variable name, CHARACTER(1,1)
      |(Attributes)     : INTENT(IN), dummy-argument
      |(Declaration)    : 14  15
      |(Definition)     : 
      |(Reference)      : 
     VER
      |(Class and Type) : variable name, CHARACTER(1,1)
      |(Attributes)     : INTENT(IN), dummy-argument
      |(Declaration)    : 14  15
      |(Definition)     : 
      |(Reference)      : 

 Scoping unit of interface body : LA_WS_GELSS
   Attribute and Cross reference of name
     LA_WS_GELSS
      |(Class and Type) : external function name, INTEGER(4)
      |(Attributes)     : 
      |(Declaration)    : 18
      |(Definition)     : 
      |(Reference)      : 21
     M
      |(Class and Type) : variable name, INTEGER(4)
      |(Attributes)     : INTENT(IN), dummy-argument
      |(Declaration)    : 18  20
      |(Definition)     : 
      |(Reference)      : 
     N
      |(Class and Type) : variable name, INTEGER(4)
      |(Attributes)     : INTENT(IN), dummy-argument
      |(Declaration)    : 18  20
      |(Definition)     : 
      |(Reference)      : 
     NRHS
      |(Class and Type) : variable name, INTEGER(4)
      |(Attributes)     : INTENT(IN), dummy-argument
      |(Declaration)    : 18  20
      |(Definition)     : 
      |(Reference)      : 
     VER
      |(Class and Type) : variable name, CHARACTER(1,1)
      |(Attributes)     : INTENT(IN), dummy-argument
      |(Declaration)    : 18  19
      |(Definition)     : 
      |(Reference)      : 

 Scoping unit of module sub-program : LSAME
   Attribute and Cross reference of name
     CA
      |(Class and Type) : variable name, CHARACTER(1,1)
      |(Attributes)     : INTENT(IN), dummy-argument
      |(Declaration)    : 26  41
      |(Definition)     : 
      |(Reference)      : 53  66
     CB
      |(Class and Type) : variable name, CHARACTER(1,1)
      |(Attributes)     : INTENT(IN), dummy-argument
      |(Declaration)    : 26  41
      |(Definition)     : 
      |(Reference)      : 53  67
     ICHAR
      |(Class and Type) : intrinsic function name, INTEGER(4)
      |(Attributes)     : INTRINSIC, PURE, ELEMENTAL
      |(Declaration)    : 47
      |(Definition)     : 
      |(Reference)      : 64  66  67
     INTA
      |(Class and Type) : variable name, INTEGER(4)
      |(Attributes)     : 
      |(Declaration)    : 45
      |(Definition)     : 66  74  82  94
      |(Reference)      : 74  74  74  82  82  82  82  82  94  94  94  97
     INTB
      |(Class and Type) : variable name, INTEGER(4)
      |(Attributes)     : 
      |(Declaration)    : 45
      |(Definition)     : 67  75  85  95
      |(Reference)      : 75  75  75  85  85  85  85  85  85  85  95  95  95  97
     IOFF
      |(Class and Type) : named constant, INTEGER(4)
      |(Attributes)     : 
      |(Declaration)    : 43
      |(Definition)     : 
      |(Reference)      : 
     LSAME
      |(Class and Type) : variable name, LOGICAL(4)
      |(Attributes)     : result-value
      |(Declaration)    : 
      |(Definition)     : 53  97
      |(Reference)      : 57
     LSAME
      |(Class and Type) : module function name, LOGICAL(4)
      |(Attributes)     : 
      |(Declaration)    : 
      |(Definition)     : 26
      |(Reference)      : 99
     ZCODE
      |(Class and Type) : variable name, INTEGER(4)
      |(Attributes)     : 
      |(Declaration)    : 45
      |(Definition)     : 64
      |(Reference)      : 69  69  77  77  89  89

 Total information
   Procedures       : 1
   Total lines      : 101
   Total statements : 42

