
 Lahey/Fujitsu Fortran 95 Compiler Release L6.20b  Thu Dec 15 15:56:24 2005
 Copyright (C) 1994-2003 Lahey Computer Systems.  All rights reserved.
 Copyright (C) 1998-2003 FUJITSU LIMITED. All rights reserved.

 Compilation information
   Current directory : /home/job/src/vasputil
   Source file       : src/la_precision.f90
   Compiler options  : --ap -c --chk aesux --chkglobal --nco --dal --ndbl --f95 
                     : -g --nin --info --li --lst --nlong --maxfatals 50 --nml 
                     : --nmldefault --o0 --no --nocl --nopenmp --nparallel 
                     : --nprefetch --pca --nprivate --nquad --quiet --nsav 
                     : --nshared --nsse2 --nstaticlink --nswm --tp 
                     : --nthreadheap --nthreads --trace --trap --nunroll 
                     : --nvarheap --nversion --warn --nwide --nwisk --wo --nzfm 
                     : --xref

 Module "LA_PRECISION"
  (line-no.)(nest)
          1              MODULE LA_PRECISION
          2        !
          3        !  -- LAPACK95 interface driver routine (version 3.0) --
          4        !     UNI-C, Denmark; Univ. of Tennessee, USA; NAG Ltd., UK
          5        !     September, 2000
          6        !
          7        !  DEFINES SINGLE AND DOUBLE PRECISION PARAMETERS, SP AND DP.
          8        !  THESE VALUES ARE COMPILER DEPENDENT.
          9        !
         10              INTEGER, PARAMETER :: SP=KIND(1.0), DP=KIND(1.0D0)
         11        !
         12              END MODULE LA_PRECISION

 Procedure information
   Lines      : 12
   Statements : 3

 Scoping unit of module : LA_PRECISION
   Attribute and Cross reference of name
     DP
      |(Class and Type) : named constant, INTEGER(4)
      |(Attributes)     : PUBLIC
      |(Declaration)    : 10
      |(Definition)     : 
      |(Reference)      : 
     KIND
      |(Class and Type) : intrinsic function name, INTEGER(4)
      |(Attributes)     : 
      |(Declaration)    : 
      |(Definition)     : 
      |(Reference)      : 10  10
     LA_PRECISION
      |(Class and Type) : module name
      |(Attributes)     : 
      |(Declaration)    : 1
      |(Definition)     : 
      |(Reference)      : 12
     SP
      |(Class and Type) : named constant, INTEGER(4)
      |(Attributes)     : PUBLIC
      |(Declaration)    : 10
      |(Definition)     : 
      |(Reference)      : 

 Total information
   Procedures       : 1
   Total lines      : 12
   Total statements : 3

