
 Lahey/Fujitsu Fortran 95 Compiler Release L6.20b  Thu Dec 15 15:56:24 2005
 Copyright (C) 1994-2003 Lahey Computer Systems.  All rights reserved.
 Copyright (C) 1998-2003 FUJITSU LIMITED. All rights reserved.

 Compilation information
   Current directory : /home/job/src/vasputil
   Source file       : src/mathconst.f90
   Compiler options  : --ap -c --chk aesux --chkglobal --nco --dal --ndbl --f95 
                     : -g --nin --info --li --lst --nlong --maxfatals 50 --nml 
                     : --nmldefault --o0 --no --nocl --nopenmp --nparallel 
                     : --nprefetch --pca --nprivate --nquad --quiet --nsav 
                     : --nshared --nsse2 --nstaticlink --nswm --tp 
                     : --nthreadheap --nthreads --trace --trap --nunroll 
                     : --nvarheap --nversion --warn --nwide --nwisk --wo --nzfm 
                     : --xref

 Module "mathconst"
  (line-no.)(nest)
          1        !****h* /mathconst
          2        ! PURPOSE
          3        !  Contains mathematical constants.
          4        ! NOTES
          5        ! by J.E. Akin: http://www.owlnet.rice.edu/~mech517/Books/oop2.pdf.
          6        ! Also see Table of Constants to 50 Places at:
          7        ! http://numbers.computation.free.fr/Constants/Miscellaneous/digits.html
          8        ! Special thanks to Howard W. Ludwig.
          9        ! Modified by Janne Blomqvist.
         10        !****
         11        Module mathconst
         12        
         13          use conf
         14        
         15          Implicit none
         16        
         17          real(kind=wp), public, parameter::              &
         18               Deg_Per_Rad  = 57.2957795130823208767981548_wp, &
         19               Rad_Per_Deg  = 0.01745329251994329576923691_wp, &
         20        
         21          e_Value      =  2.7182818284590452353602287_wp, &
         22               e_Recip      =  0.3678794411714423215955238_wp, &
         23               e_Squared    =  7.3890560989306502272304275_wp, &
         24               Log10_of_e   =  0.4342944819032518276511289_wp, &
         25        
         26          Euler        =  0.5772156649015328606065121_wp, &
         27               Euler_Log    = -0.5495393129816448223376617_wp, &
         28               Gamma        =  0.5772156649015328606065121_wp, &
         29               Gamma_Log    = -0.5495393129816448223376617_wp, &
         30               Golden_Ratio =  1.6180339887498948482045868_wp, &
         31        
         32          Ln_2         =  0.6931471805599453094172321_wp, &
         33               Ln_10        =  2.3025850929940456840179915_wp, &
         34               Log10_of_2   =  0.3010299956639811952137389_wp, &
         35        
         36          pi_Value     =  3.1415926535897932384626434_wp, &
         37               pi_Ln        =  1.1447298858494001741434273_wp, &
         38               pi_Log10     =  0.4971498726941338543512683_wp, &
         39               pi_Over_2    =  1.5707963267948966192313217_wp, &
         40               pi_Over_3    =  1.0471975511965977461542145_wp, &
         41               pi_Over_4    =  0.7853981633974483096156608_wp, &
         42               pi_Recip     =  0.3183098861837906715377675_wp, &
         43               pi_Squared   =  9.8696044010893586188344910_wp, &
         44               pi_Sq_Root   =  1.7724538509055160272981675_wp, &
         45        
         46          Sq_Root_of_2 =  1.4142135623730950488016887_wp, &
         47               Sq_Root_of_3 =  1.7320508075688772935274463_wp
         48        
         49        End Module Mathconst

 Procedure information
   Lines      : 49
   Statements : 5

 Scoping unit of module : mathconst
   Attribute and Cross reference of name
     conf
      |(Class and Type) : module name
      |(Attributes)     : PUBLIC
      |(Declaration)    : 
      |(Definition)     : 
      |(Reference)      : 13
     Deg_Per_Rad
      |(Class and Type) : named constant, REAL(8)
      |(Attributes)     : PUBLIC
      |(Declaration)    : 17
      |(Definition)     : 
      |(Reference)      : 
     Euler
      |(Class and Type) : named constant, REAL(8)
      |(Attributes)     : PUBLIC
      |(Declaration)    : 17
      |(Definition)     : 
      |(Reference)      : 
     Euler_Log
      |(Class and Type) : named constant, REAL(8)
      |(Attributes)     : PUBLIC
      |(Declaration)    : 17
      |(Definition)     : 
      |(Reference)      : 
     e_Recip
      |(Class and Type) : named constant, REAL(8)
      |(Attributes)     : PUBLIC
      |(Declaration)    : 17
      |(Definition)     : 
      |(Reference)      : 
     e_Squared
      |(Class and Type) : named constant, REAL(8)
      |(Attributes)     : PUBLIC
      |(Declaration)    : 17
      |(Definition)     : 
      |(Reference)      : 
     e_Value
      |(Class and Type) : named constant, REAL(8)
      |(Attributes)     : PUBLIC
      |(Declaration)    : 17
      |(Definition)     : 
      |(Reference)      : 
     Gamma
      |(Class and Type) : named constant, REAL(8)
      |(Attributes)     : PUBLIC
      |(Declaration)    : 17
      |(Definition)     : 
      |(Reference)      : 
     Gamma_Log
      |(Class and Type) : named constant, REAL(8)
      |(Attributes)     : PUBLIC
      |(Declaration)    : 17
      |(Definition)     : 
      |(Reference)      : 
     Golden_Ratio
      |(Class and Type) : named constant, REAL(8)
      |(Attributes)     : PUBLIC
      |(Declaration)    : 17
      |(Definition)     : 
      |(Reference)      : 
     Ln_10
      |(Class and Type) : named constant, REAL(8)
      |(Attributes)     : PUBLIC
      |(Declaration)    : 17
      |(Definition)     : 
      |(Reference)      : 
     Ln_2
      |(Class and Type) : named constant, REAL(8)
      |(Attributes)     : PUBLIC
      |(Declaration)    : 17
      |(Definition)     : 
      |(Reference)      : 
     Log10_of_2
      |(Class and Type) : named constant, REAL(8)
      |(Attributes)     : PUBLIC
      |(Declaration)    : 17
      |(Definition)     : 
      |(Reference)      : 
     Log10_of_e
      |(Class and Type) : named constant, REAL(8)
      |(Attributes)     : PUBLIC
      |(Declaration)    : 17
      |(Definition)     : 
      |(Reference)      : 
     mathconst
      |(Class and Type) : module name
      |(Attributes)     : 
      |(Declaration)    : 11
      |(Definition)     : 
      |(Reference)      : 49
     pi_Ln
      |(Class and Type) : named constant, REAL(8)
      |(Attributes)     : PUBLIC
      |(Declaration)    : 17
      |(Definition)     : 
      |(Reference)      : 
     pi_Log10
      |(Class and Type) : named constant, REAL(8)
      |(Attributes)     : PUBLIC
      |(Declaration)    : 17
      |(Definition)     : 
      |(Reference)      : 
     pi_Over_2
      |(Class and Type) : named constant, REAL(8)
      |(Attributes)     : PUBLIC
      |(Declaration)    : 17
      |(Definition)     : 
      |(Reference)      : 
     pi_Over_3
      |(Class and Type) : named constant, REAL(8)
      |(Attributes)     : PUBLIC
      |(Declaration)    : 17
      |(Definition)     : 
      |(Reference)      : 
     pi_Over_4
      |(Class and Type) : named constant, REAL(8)
      |(Attributes)     : PUBLIC
      |(Declaration)    : 17
      |(Definition)     : 
      |(Reference)      : 
     pi_Recip
      |(Class and Type) : named constant, REAL(8)
      |(Attributes)     : PUBLIC
      |(Declaration)    : 17
      |(Definition)     : 
      |(Reference)      : 
     pi_Sq_Root
      |(Class and Type) : named constant, REAL(8)
      |(Attributes)     : PUBLIC
      |(Declaration)    : 17
      |(Definition)     : 
      |(Reference)      : 
     pi_Squared
      |(Class and Type) : named constant, REAL(8)
      |(Attributes)     : PUBLIC
      |(Declaration)    : 17
      |(Definition)     : 
      |(Reference)      : 
     pi_Value
      |(Class and Type) : named constant, REAL(8)
      |(Attributes)     : PUBLIC
      |(Declaration)    : 17
      |(Definition)     : 
      |(Reference)      : 
     Rad_Per_Deg
      |(Class and Type) : named constant, REAL(8)
      |(Attributes)     : PUBLIC
      |(Declaration)    : 17
      |(Definition)     : 
      |(Reference)      : 
     Sq_Root_of_2
      |(Class and Type) : named constant, REAL(8)
      |(Attributes)     : PUBLIC
      |(Declaration)    : 17
      |(Definition)     : 
      |(Reference)      : 
     Sq_Root_of_3
      |(Class and Type) : named constant, REAL(8)
      |(Attributes)     : PUBLIC
      |(Declaration)    : 17
      |(Definition)     : 
      |(Reference)      : 
     wp
      |(Class and Type) : named constant, INTEGER(4)
      |(Attributes)     : PUBLIC, use-associated
      |(Declaration)    : 
      |(Definition)     : 
      |(Reference)      : 17  17  17  17  17  17  17  17  17  17  17  17  17  17  17  17  17  17  17  17  17  17  17  17  17  17

 Total information
   Procedures       : 1
   Total lines      : 49
   Total statements : 5

